// Jest Snapshot v1, https://goo.gl/fbAQLP

exports[`basic should render correctly 1`] = `
Array [
  "my personal w̶e̶b̶s̶i̶t̶e̶ npm module",
  "[90m┌──────────────────[39m[90m┬─────────────────────────────────────┐[39m",
  "[90m│[39m[31m Website          [39m[90m│[39m[31m Account                             [39m[90m│[39m",
  "[90m├──────────────────[39m[90m┼─────────────────────────────────────┤[39m",
  "[90m│[39m github           [90m│[39m https://github.com/amilajack        [90m│[39m",
  "[90m├──────────────────[39m[90m┼─────────────────────────────────────┤[39m",
  "[90m│[39m website/blog     [90m│[39m https://amilajack.com               [90m│[39m",
  "[90m├──────────────────[39m[90m┼─────────────────────────────────────┤[39m",
  "[90m│[39m email            [90m│[39m amilajack@gmail.com                 [90m│[39m",
  "[90m├──────────────────[39m[90m┼─────────────────────────────────────┤[39m",
  "[90m│[39m twitter          [90m│[39m https://twitter.com/amilajack       [90m│[39m",
  "[90m├──────────────────[39m[90m┼─────────────────────────────────────┤[39m",
  "[90m│[39m resume           [90m│[39m https://github.com/amilajack/resume [90m│[39m",
  "[90m├──────────────────[39m[90m┼─────────────────────────────────────┤[39m",
  "[90m│[39m paypal donations [90m│[39m https://paypal.me/amilajack         [90m│[39m",
  "[90m├──────────────────[39m[90m┼─────────────────────────────────────┤[39m",
  "[90m│[39m venmo donations  [90m│[39m https://venmo.com/amilajack         [90m│[39m",
  "[90m└──────────────────[39m[90m┴─────────────────────────────────────┘[39m",
  "",
]
`;
